[dotenv@17.2.3] injecting env (4) from .env.test.local -- tip: 🗂️ backup and recover secrets: https://dotenvx.com/ops

Running 1 test using 1 worker

[dotenv@17.2.3] injecting env (0) from .env.test.local -- tip: 🛠️  run anywhere with `dotenvx run -- yourcommand`
  ✘  1 [chromium] › tests\recent_orders_swipe_remove.spec.js:26:5 › Swipe-to-Remove Order from Recent Tab › should show trash icon/action background during swipe (mobile) (32.2s)


  1) [chromium] › tests\recent_orders_swipe_remove.spec.js:26:5 › Swipe-to-Remove Order from Recent Tab › should show trash icon/action background during swipe (mobile) 

    [31mTest timeout of 30000ms exceeded while running "beforeEach" hook.[39m

      18 |
      19 | test.describe('Swipe-to-Remove Order from Recent Tab', () => {
    > 20 |     test.beforeEach(async ({ page }) => {
         |          ^
      21 |         await loginAsTailor(page);
      22 |         await page.goto('/dashboard');
      23 |         await page.waitForLoadState('networkidle');
        at D:\styleEase\tests\recent_orders_swipe_remove.spec.js:20:10

    Error: locator.fill: Test timeout of 30000ms exceeded.
    Call log:
    [2m  - waiting for getByPlaceholder(/example@mail.com|email/i)[22m


      11 |
      12 |     await page.goto('/login');
    > 13 |     await page.getByPlaceholder(/example@mail.com|email/i).fill(email);
         |                                                            ^
      14 |     await page.getByPlaceholder(/••••••••|password/i).fill(password);
      15 |     await page.getByRole('button', { name: /login|sign in/i }).click();
      16 |     await page.waitForLoadState('networkidle');
        at loginAsTailor (D:\styleEase\tests\recent_orders_swipe_remove.spec.js:13:60)
        at D:\styleEase\tests\recent_orders_swipe_remove.spec.js:21:9

    attachment #1: screenshot (image/png) ──────────────────────────────────────────────────────────
    test-results\recent_orders_swipe_remove-d66dc-ground-during-swipe-mobile--chromium\test-failed-1.png
    ────────────────────────────────────────────────────────────────────────────────────────────────

    attachment #2: video (video/webm) ──────────────────────────────────────────────────────────────
    test-results\recent_orders_swipe_remove-d66dc-ground-during-swipe-mobile--chromium\video.webm
    ────────────────────────────────────────────────────────────────────────────────────────────────

  1 failed
    [chromium] › tests\recent_orders_swipe_remove.spec.js:26:5 › Swipe-to-Remove Order from Recent Tab › should show trash icon/action background during swipe (mobile) 
